../Core/Src/main.c:99:5:main	8	static
../Core/Src/main.c:163:6:SystemClock_Config	88	static
../Core/Src/main.c:210:13:MX_USART2_UART_Init	8	static
../Core/Src/main.c:243:13:MX_GPIO_Init	48	static
../Core/Src/main.c:310:6:ReadMatrixButton_1Row	16	static
../Core/Src/main.c:338:10:concat	64	static
../Core/Src/main.c:346:5:checkbuttonhit	24	static
../Core/Src/main.c:361:10:backspace	16	static
../Core/Src/main.c:364:10:numpad	16	static
../Core/Src/main.c:433:6:Error_Handler	4	static,ignoring_inline_asm
